// Jest Snapshot v1, https://goo.gl/fbAQLP

exports[`<Category /> Category snapshot 1`] = `
<View
  style={
    [
      {
        "borderRadius": 14,
        "paddingHorizontal": 6,
        "paddingVertical": 2,
      },
      {
        "backgroundColor": "grey",
      },
    ]
  }
>
  <Text
    ellipsizeMode="tail"
    numberOfLines={1}
    style={
      [
        {
          "color": "#EDEEF0",
          "fontSize": 12,
        },
        undefined,
      ]
    }
  >
    Hello world
  </Text>
</View>
`;
