// Jest Snapshot v1, https://goo.gl/fbAQLP

exports[`<FavoriteButton /> FavoriteButton snapshot 1`] = `
<RNGestureHandlerButton
  collapsable={false}
  enabled={true}
  hitSlop={
    {
      "bottom": 0,
      "left": 0,
      "right": 0,
      "top": 0,
    }
  }
  rippleColor={0}
  style={
    [
      {},
      {
        "alignItems": "center",
        "height": 48,
        "justifyContent": "center",
        "width": 48,
      },
    ]
  }
  testID="favorite-button"
>
  <View
    style={
      {
        "transform": [
          {
            "rotateY": "0deg",
          },
          {
            "translateY": 0,
          },
        ],
      }
    }
  >
    <ViewManagerAdapter_SymbolModule
      animated={false}
      colors={[]}
      name="star.fill"
      resizeMode="scaleAspectFit"
      style={
        [
          {
            "height": 24,
            "width": 24,
          },
          [
            {
              "height": 32,
              "width": 32,
            },
            undefined,
          ],
        ]
      }
      tintColor="#A7989D"
      type="monochrome"
      weight="regular"
    />
  </View>
</RNGestureHandlerButton>
`;
