// Jest Snapshot v1, https://goo.gl/fbAQLP

exports[`<HighlightText /> HighlightText snapshot 1`] = `
<Text
  ellipsizeMode="head"
>
  <Text />
  <Text
    style={
      {
        "color": "#FF8EB6",
      }
    }
  >
    Hello
  </Text>
  <Text>
     world
  </Text>
</Text>
`;
