// Jest Snapshot v1, https://goo.gl/fbAQLP

exports[`<IconSymbol /> IconSymbol snapshot (Android) 1`] = `
<Text
  allowFontScaling={false}
  selectable={false}
  style={
    [
      {
        "color": "white",
        "fontSize": 28,
      },
      undefined,
      {
        "fontFamily": undefined,
        "fontStyle": "normal",
        "fontWeight": "normal",
      },
      {},
    ]
  }
>
  î ¸
</Text>
`;

exports[`<IconSymbol /> IconSymbol snapshot (iOS) 1`] = `
<ViewManagerAdapter_SymbolModule
  animated={false}
  colors={[]}
  name="star.fill"
  resizeMode="scaleAspectFit"
  style={
    [
      {
        "height": 24,
        "width": 24,
      },
      [
        {
          "height": 28,
          "width": 28,
        },
        undefined,
      ],
    ]
  }
  tintColor="white"
  type="monochrome"
  weight="regular"
/>
`;
